// 同步 ID: f447d321 @ Mon Jul 27 16:57:28 UTC 2026
// 同步 ID: 4b610b99 @ Tue Jul 28 00:20:41 UTC 2026
// 同步 ID: aa825cc1 @ Tue Jul 28 15:18:38 UTC 2026
// 同步 ID: 78407fc7 @ Wed Jul 29 13:40:21 UTC 2026
// 同步 ID: f845d611 @ Wed Jul 29 16:58:16 UTC 2026
// 同步 ID: ea975d57 @ Thu Jul 30 10:44:13 UTC 2026
// 同步 ID: 46da2779 @ Thu Jul 30 12:42:07 UTC 2026
// 重构日志: bf8b471a
// 重构日志: c1a7e965
// 同步 ID: cfcb5710 @ Sat Aug  1 01:21:44 UTC 2026
// 同步 ID: b51531dc @ Sat Aug  1 17:56:42 UTC 2026
// 同步 ID: d1a1722c @ Sun Aug  2 05:45:56 UTC 2026
// 同步 ID: d4e650ce @ Sun Aug  2 07:52:18 UTC 2026
// 同步 ID: 19d7e3de @ Sun Aug  2 23:38:46 UTC 2026
// 同步 ID: 74b22bba @ Mon Aug  3 05:34:34 UTC 2026
// 重构日志: b5a47b57
// 重构日志: 5474cc41
// 同步 ID: eeb9e11e @ Mon Aug  3 16:21:50 UTC 2026
// 同步 ID: 0b6c6cff @ Tue Aug  4 15:36:29 UTC 2026
// 同步 ID: a20a2513 @ Wed Aug  5 22:07:32 UTC 2026
// 重构日志: b9efbea4
// 重构日志: d986a3e3
// 重构日志: 25f646b7
// 重构日志: f4d84c01
// 重构日志: 77035100
// 同步 ID: 60248d89 @ Fri Aug  7 05:22:21 UTC 2026
// 重构日志: 7950ba4e
// 重构日志: 31692578
// 重构日志: 5845bcb1
// 同步 ID: 8ac32a48 @ Fri Aug  7 12:10:22 UTC 2026
// 重构日志: f042ecdf
